// Jest Snapshot v1, https://goo.gl/fbAQLP

exports[` 1`] = `
<div>
  <div
    class="listContainer"
  >
    <ul>
      <li
        class="container"
      >
        <article
          class="article"
        >
          <div
            class="text"
          >
            <img
              alt="The Statue of Liberty's torch heads to new museum"
              class="image"
              src="https://cdn.cnn.com/cnnnext/dam/assets/181122102925-statue-of-liberty-crown-super-169.jpg"
            />
            <h2
              class="title"
            >
              <a
                class="title"
                href="/articlelist/181122102925-statue-of-liberty-crown"
              >
                The Statue of Liberty's torch heads to new museum
              </a>
            </h2>
          </div>
          <button
            class="button"
          >
            Show more
          </button>
        </article>
      </li>
      <li
        class="container"
      >
        <article
          class="article"
        >
          <div
            class="text"
          >
            <img
              alt="You can take a pie on a plane"
              class="image"
              src="https://cdn.cnn.com/cnnnext/dam/assets/170321135754-airport-security-line-file-super-169.jpg"
            />
            <h2
              class="title"
            >
              <a
                class="title"
                href="/articlelist/170321135754-airport-security-line"
              >
                You can take a pie on a plane
              </a>
            </h2>
          </div>
          <button
            class="button"
          >
            Show more
          </button>
        </article>
      </li>
    </ul>
  </div>
</div>
`;

exports[`ArticleList tests renders correctly 1`] = `
<div>
  <div
    class="listContainer"
  >
    <ul>
      <li
        class="container"
      >
        <article
          class="article"
        >
          <div
            class="text"
          >
            <img
              alt="The Statue of Liberty's torch heads to new museum"
              class="image"
              src="https://cdn.cnn.com/cnnnext/dam/assets/181122102925-statue-of-liberty-crown-super-169.jpg"
            />
            <h2
              class="title"
            >
              <a
                class="title"
                href="/articlelist/181122102925-statue-of-liberty-crown"
              >
                The Statue of Liberty's torch heads to new museum
              </a>
            </h2>
          </div>
          <button
            class="button"
          >
            Show more
          </button>
        </article>
      </li>
      <li
        class="container"
      >
        <article
          class="article"
        >
          <div
            class="text"
          >
            <img
              alt="You can take a pie on a plane"
              class="image"
              src="https://cdn.cnn.com/cnnnext/dam/assets/170321135754-airport-security-line-file-super-169.jpg"
            />
            <h2
              class="title"
            >
              <a
                class="title"
                href="/articlelist/170321135754-airport-security-line"
              >
                You can take a pie on a plane
              </a>
            </h2>
          </div>
          <button
            class="button"
          >
            Show more
          </button>
        </article>
      </li>
    </ul>
  </div>
</div>
`;

exports[`ArticleList tests renders correctly when has no articles 1`] = `
<div>
  <div
    class="listContainer"
  >
    <ul />
  </div>
</div>
`;

exports[`ArticleList tests renders correctly with two articles 1`] = `
<div>
  <div
    class="listContainer"
  >
    <ul>
      <li
        class="container"
      >
        <article
          class="article"
        >
          <div
            class="text"
          >
            <img
              alt="The Statue of Liberty's torch heads to new museum"
              class="image"
              src="https://cdn.cnn.com/cnnnext/dam/assets/181122102925-statue-of-liberty-crown-super-169.jpg"
            />
            <h2
              class="title"
            >
              <a
                class="title"
                href="/articlelist/181122102925-statue-of-liberty-crown"
              >
                The Statue of Liberty's torch heads to new museum
              </a>
            </h2>
          </div>
          <button
            class="button"
          >
            Show more
          </button>
        </article>
      </li>
      <li
        class="container"
      >
        <article
          class="article"
        >
          <div
            class="text"
          >
            <img
              alt="You can take a pie on a plane"
              class="image"
              src="https://cdn.cnn.com/cnnnext/dam/assets/170321135754-airport-security-line-file-super-169.jpg"
            />
            <h2
              class="title"
            >
              <a
                class="title"
                href="/articlelist/170321135754-airport-security-line"
              >
                You can take a pie on a plane
              </a>
            </h2>
          </div>
          <button
            class="button"
          >
            Show more
          </button>
        </article>
      </li>
    </ul>
  </div>
</div>
`;
